# torch_npu visible device probe
2026-08-10T10:35:59+00:00
## ASCEND_RT_VISIBLE_DEVICES=6,7
device_count 2
set_device ok 0
set_device ok 1
set_device fail 2 RuntimeError ExchangeDevice:../torch_npu/csrc/core/npu/sys_ctrl/npu_sys_ctrl.cpp:286 NPU function error: c10_npu::SetDevice(device), error code is 107001
set_device fail 3 RuntimeError ExchangeDevice:../torch_npu/csrc/core/npu/sys_ctrl/npu_sys_ctrl.cpp:286 NPU function error: c10_npu::SetDevice(device), error code is 107001
set_device fail 4 RuntimeError ExchangeDevice:../torch_npu/csrc/core/npu/sys_ctrl/npu_sys_ctrl.cpp:286 NPU function error: c10_npu::SetDevice(device), error code is 107001
set_device fail 5 RuntimeError ExchangeDevice:../torch_npu/csrc/core/npu/sys_ctrl/npu_sys_ctrl.cpp:286 NPU function error: c10_npu::SetDevice(device), error code is 107001
set_device fail 6 RuntimeError ExchangeDevice:../torch_npu/csrc/core/npu/sys_ctrl/npu_sys_ctrl.cpp:286 NPU function error: c10_npu::SetDevice(device), error code is 107001
set_device fail 7 RuntimeError ExchangeDevice:../torch_npu/csrc/core/npu/sys_ctrl/npu_sys_ctrl.cpp:286 NPU function error: c10_npu::SetDevice(device), error code is 107001
set_device fail 8 RuntimeError ExchangeDevice:../torch_npu/csrc/core/npu/sys_ctrl/npu_sys_ctrl.cpp:286 NPU function error: c10_npu::SetDevice(device), error code is 107001
set_device fail 9 RuntimeError ExchangeDevice:../torch_npu/csrc/core/npu/sys_ctrl/npu_sys_ctrl.cpp:286 NPU function error: c10_npu::SetDevice(device), error code is 107001
set_device fail 10 RuntimeError ExchangeDevice:../torch_npu/csrc/core/npu/sys_ctrl/npu_sys_ctrl.cpp:286 NPU function error: c10_npu::SetDevice(device), error code is 107001
set_device fail 11 RuntimeError ExchangeDevice:../torch_npu/csrc/core/npu/sys_ctrl/npu_sys_ctrl.cpp:286 NPU function error: c10_npu::SetDevice(device), error code is 107001
set_device fail 12 RuntimeError ExchangeDevice:../torch_npu/csrc/core/npu/sys_ctrl/npu_sys_ctrl.cpp:286 NPU function error: c10_npu::SetDevice(device), error code is 107001
set_device fail 13 RuntimeError ExchangeDevice:../torch_npu/csrc/core/npu/sys_ctrl/npu_sys_ctrl.cpp:286 NPU function error: c10_npu::SetDevice(device), error code is 107001
set_device fail 14 RuntimeError ExchangeDevice:../torch_npu/csrc/core/npu/sys_ctrl/npu_sys_ctrl.cpp:286 NPU function error: c10_npu::SetDevice(device), error code is 107001
set_device fail 15 RuntimeError ExchangeDevice:../torch_npu/csrc/core/npu/sys_ctrl/npu_sys_ctrl.cpp:286 NPU function error: c10_npu::SetDevice(device), error code is 107001
## ASCEND_RT_VISIBLE_DEVICES=8,9
device_count 2
set_device ok 0
set_device ok 1
set_device fail 2 RuntimeError ExchangeDevice:../torch_npu/csrc/core/npu/sys_ctrl/npu_sys_ctrl.cpp:286 NPU function error: c10_npu::SetDevice(device), error code is 107001
set_device fail 3 RuntimeError ExchangeDevice:../torch_npu/csrc/core/npu/sys_ctrl/npu_sys_ctrl.cpp:286 NPU function error: c10_npu::SetDevice(device), error code is 107001
set_device fail 4 RuntimeError ExchangeDevice:../torch_npu/csrc/core/npu/sys_ctrl/npu_sys_ctrl.cpp:286 NPU function error: c10_npu::SetDevice(device), error code is 107001
set_device fail 5 RuntimeError ExchangeDevice:../torch_npu/csrc/core/npu/sys_ctrl/npu_sys_ctrl.cpp:286 NPU function error: c10_npu::SetDevice(device), error code is 107001
set_device fail 6 RuntimeError ExchangeDevice:../torch_npu/csrc/core/npu/sys_ctrl/npu_sys_ctrl.cpp:286 NPU function error: c10_npu::SetDevice(device), error code is 107001
set_device fail 7 RuntimeError ExchangeDevice:../torch_npu/csrc/core/npu/sys_ctrl/npu_sys_ctrl.cpp:286 NPU function error: c10_npu::SetDevice(device), error code is 107001
set_device fail 8 RuntimeError ExchangeDevice:../torch_npu/csrc/core/npu/sys_ctrl/npu_sys_ctrl.cpp:286 NPU function error: c10_npu::SetDevice(device), error code is 107001
set_device fail 9 RuntimeError ExchangeDevice:../torch_npu/csrc/core/npu/sys_ctrl/npu_sys_ctrl.cpp:286 NPU function error: c10_npu::SetDevice(device), error code is 107001
set_device fail 10 RuntimeError ExchangeDevice:../torch_npu/csrc/core/npu/sys_ctrl/npu_sys_ctrl.cpp:286 NPU function error: c10_npu::SetDevice(device), error code is 107001
set_device fail 11 RuntimeError ExchangeDevice:../torch_npu/csrc/core/npu/sys_ctrl/npu_sys_ctrl.cpp:286 NPU function error: c10_npu::SetDevice(device), error code is 107001
set_device fail 12 RuntimeError ExchangeDevice:../torch_npu/csrc/core/npu/sys_ctrl/npu_sys_ctrl.cpp:286 NPU function error: c10_npu::SetDevice(device), error code is 107001
set_device fail 13 RuntimeError ExchangeDevice:../torch_npu/csrc/core/npu/sys_ctrl/npu_sys_ctrl.cpp:286 NPU function error: c10_npu::SetDevice(device), error code is 107001
set_device fail 14 RuntimeError ExchangeDevice:../torch_npu/csrc/core/npu/sys_ctrl/npu_sys_ctrl.cpp:286 NPU function error: c10_npu::SetDevice(device), error code is 107001
set_device fail 15 RuntimeError ExchangeDevice:../torch_npu/csrc/core/npu/sys_ctrl/npu_sys_ctrl.cpp:286 NPU function error: c10_npu::SetDevice(device), error code is 107001
## ASCEND_RT_VISIBLE_DEVICES=10,11
device_count 2
set_device ok 0
set_device ok 1
set_device fail 2 RuntimeError ExchangeDevice:../torch_npu/csrc/core/npu/sys_ctrl/npu_sys_ctrl.cpp:286 NPU function error: c10_npu::SetDevice(device), error code is 107001
set_device fail 3 RuntimeError ExchangeDevice:../torch_npu/csrc/core/npu/sys_ctrl/npu_sys_ctrl.cpp:286 NPU function error: c10_npu::SetDevice(device), error code is 107001
set_device fail 4 RuntimeError ExchangeDevice:../torch_npu/csrc/core/npu/sys_ctrl/npu_sys_ctrl.cpp:286 NPU function error: c10_npu::SetDevice(device), error code is 107001
set_device fail 5 RuntimeError ExchangeDevice:../torch_npu/csrc/core/npu/sys_ctrl/npu_sys_ctrl.cpp:286 NPU function error: c10_npu::SetDevice(device), error code is 107001
set_device fail 6 RuntimeError ExchangeDevice:../torch_npu/csrc/core/npu/sys_ctrl/npu_sys_ctrl.cpp:286 NPU function error: c10_npu::SetDevice(device), error code is 107001
set_device fail 7 RuntimeError ExchangeDevice:../torch_npu/csrc/core/npu/sys_ctrl/npu_sys_ctrl.cpp:286 NPU function error: c10_npu::SetDevice(device), error code is 107001
set_device fail 8 RuntimeError ExchangeDevice:../torch_npu/csrc/core/npu/sys_ctrl/npu_sys_ctrl.cpp:286 NPU function error: c10_npu::SetDevice(device), error code is 107001
set_device fail 9 RuntimeError ExchangeDevice:../torch_npu/csrc/core/npu/sys_ctrl/npu_sys_ctrl.cpp:286 NPU function error: c10_npu::SetDevice(device), error code is 107001
set_device fail 10 RuntimeError ExchangeDevice:../torch_npu/csrc/core/npu/sys_ctrl/npu_sys_ctrl.cpp:286 NPU function error: c10_npu::SetDevice(device), error code is 107001
set_device fail 11 RuntimeError ExchangeDevice:../torch_npu/csrc/core/npu/sys_ctrl/npu_sys_ctrl.cpp:286 NPU function error: c10_npu::SetDevice(device), error code is 107001
set_device fail 12 RuntimeError ExchangeDevice:../torch_npu/csrc/core/npu/sys_ctrl/npu_sys_ctrl.cpp:286 NPU function error: c10_npu::SetDevice(device), error code is 107001
set_device fail 13 RuntimeError ExchangeDevice:../torch_npu/csrc/core/npu/sys_ctrl/npu_sys_ctrl.cpp:286 NPU function error: c10_npu::SetDevice(device), error code is 107001
set_device fail 14 RuntimeError ExchangeDevice:../torch_npu/csrc/core/npu/sys_ctrl/npu_sys_ctrl.cpp:286 NPU function error: c10_npu::SetDevice(device), error code is 107001
set_device fail 15 RuntimeError ExchangeDevice:../torch_npu/csrc/core/npu/sys_ctrl/npu_sys_ctrl.cpp:286 NPU function error: c10_npu::SetDevice(device), error code is 107001
## ASCEND_RT_VISIBLE_DEVICES=12,13
device_count 2
set_device ok 0
set_device ok 1
set_device fail 2 RuntimeError ExchangeDevice:../torch_npu/csrc/core/npu/sys_ctrl/npu_sys_ctrl.cpp:286 NPU function error: c10_npu::SetDevice(device), error code is 107001
set_device fail 3 RuntimeError ExchangeDevice:../torch_npu/csrc/core/npu/sys_ctrl/npu_sys_ctrl.cpp:286 NPU function error: c10_npu::SetDevice(device), error code is 107001
set_device fail 4 RuntimeError ExchangeDevice:../torch_npu/csrc/core/npu/sys_ctrl/npu_sys_ctrl.cpp:286 NPU function error: c10_npu::SetDevice(device), error code is 107001
set_device fail 5 RuntimeError ExchangeDevice:../torch_npu/csrc/core/npu/sys_ctrl/npu_sys_ctrl.cpp:286 NPU function error: c10_npu::SetDevice(device), error code is 107001
set_device fail 6 RuntimeError ExchangeDevice:../torch_npu/csrc/core/npu/sys_ctrl/npu_sys_ctrl.cpp:286 NPU function error: c10_npu::SetDevice(device), error code is 107001
set_device fail 7 RuntimeError ExchangeDevice:../torch_npu/csrc/core/npu/sys_ctrl/npu_sys_ctrl.cpp:286 NPU function error: c10_npu::SetDevice(device), error code is 107001
set_device fail 8 RuntimeError ExchangeDevice:../torch_npu/csrc/core/npu/sys_ctrl/npu_sys_ctrl.cpp:286 NPU function error: c10_npu::SetDevice(device), error code is 107001
set_device fail 9 RuntimeError ExchangeDevice:../torch_npu/csrc/core/npu/sys_ctrl/npu_sys_ctrl.cpp:286 NPU function error: c10_npu::SetDevice(device), error code is 107001
set_device fail 10 RuntimeError ExchangeDevice:../torch_npu/csrc/core/npu/sys_ctrl/npu_sys_ctrl.cpp:286 NPU function error: c10_npu::SetDevice(device), error code is 107001
set_device fail 11 RuntimeError ExchangeDevice:../torch_npu/csrc/core/npu/sys_ctrl/npu_sys_ctrl.cpp:286 NPU function error: c10_npu::SetDevice(device), error code is 107001
set_device fail 12 RuntimeError ExchangeDevice:../torch_npu/csrc/core/npu/sys_ctrl/npu_sys_ctrl.cpp:286 NPU function error: c10_npu::SetDevice(device), error code is 107001
set_device fail 13 RuntimeError ExchangeDevice:../torch_npu/csrc/core/npu/sys_ctrl/npu_sys_ctrl.cpp:286 NPU function error: c10_npu::SetDevice(device), error code is 107001
set_device fail 14 RuntimeError ExchangeDevice:../torch_npu/csrc/core/npu/sys_ctrl/npu_sys_ctrl.cpp:286 NPU function error: c10_npu::SetDevice(device), error code is 107001
set_device fail 15 RuntimeError ExchangeDevice:../torch_npu/csrc/core/npu/sys_ctrl/npu_sys_ctrl.cpp:286 NPU function error: c10_npu::SetDevice(device), error code is 107001
## ASCEND_RT_VISIBLE_DEVICES=14,15
device_count 2
set_device ok 0
set_device ok 1
set_device fail 2 RuntimeError ExchangeDevice:../torch_npu/csrc/core/npu/sys_ctrl/npu_sys_ctrl.cpp:286 NPU function error: c10_npu::SetDevice(device), error code is 107001
set_device fail 3 RuntimeError ExchangeDevice:../torch_npu/csrc/core/npu/sys_ctrl/npu_sys_ctrl.cpp:286 NPU function error: c10_npu::SetDevice(device), error code is 107001
set_device fail 4 RuntimeError ExchangeDevice:../torch_npu/csrc/core/npu/sys_ctrl/npu_sys_ctrl.cpp:286 NPU function error: c10_npu::SetDevice(device), error code is 107001
set_device fail 5 RuntimeError ExchangeDevice:../torch_npu/csrc/core/npu/sys_ctrl/npu_sys_ctrl.cpp:286 NPU function error: c10_npu::SetDevice(device), error code is 107001
set_device fail 6 RuntimeError ExchangeDevice:../torch_npu/csrc/core/npu/sys_ctrl/npu_sys_ctrl.cpp:286 NPU function error: c10_npu::SetDevice(device), error code is 107001
set_device fail 7 RuntimeError ExchangeDevice:../torch_npu/csrc/core/npu/sys_ctrl/npu_sys_ctrl.cpp:286 NPU function error: c10_npu::SetDevice(device), error code is 107001
set_device fail 8 RuntimeError ExchangeDevice:../torch_npu/csrc/core/npu/sys_ctrl/npu_sys_ctrl.cpp:286 NPU function error: c10_npu::SetDevice(device), error code is 107001
set_device fail 9 RuntimeError ExchangeDevice:../torch_npu/csrc/core/npu/sys_ctrl/npu_sys_ctrl.cpp:286 NPU function error: c10_npu::SetDevice(device), error code is 107001
set_device fail 10 RuntimeError ExchangeDevice:../torch_npu/csrc/core/npu/sys_ctrl/npu_sys_ctrl.cpp:286 NPU function error: c10_npu::SetDevice(device), error code is 107001
set_device fail 11 RuntimeError ExchangeDevice:../torch_npu/csrc/core/npu/sys_ctrl/npu_sys_ctrl.cpp:286 NPU function error: c10_npu::SetDevice(device), error code is 107001
set_device fail 12 RuntimeError ExchangeDevice:../torch_npu/csrc/core/npu/sys_ctrl/npu_sys_ctrl.cpp:286 NPU function error: c10_npu::SetDevice(device), error code is 107001
set_device fail 13 RuntimeError ExchangeDevice:../torch_npu/csrc/core/npu/sys_ctrl/npu_sys_ctrl.cpp:286 NPU function error: c10_npu::SetDevice(device), error code is 107001
set_device fail 14 RuntimeError ExchangeDevice:../torch_npu/csrc/core/npu/sys_ctrl/npu_sys_ctrl.cpp:286 NPU function error: c10_npu::SetDevice(device), error code is 107001
set_device fail 15 RuntimeError ExchangeDevice:../torch_npu/csrc/core/npu/sys_ctrl/npu_sys_ctrl.cpp:286 NPU function error: c10_npu::SetDevice(device), error code is 107001
## ASCEND_RT_VISIBLE_DEVICES=8,10
device_count 2
set_device ok 0
set_device ok 1
set_device fail 2 RuntimeError ExchangeDevice:../torch_npu/csrc/core/npu/sys_ctrl/npu_sys_ctrl.cpp:286 NPU function error: c10_npu::SetDevice(device), error code is 107001
set_device fail 3 RuntimeError ExchangeDevice:../torch_npu/csrc/core/npu/sys_ctrl/npu_sys_ctrl.cpp:286 NPU function error: c10_npu::SetDevice(device), error code is 107001
set_device fail 4 RuntimeError ExchangeDevice:../torch_npu/csrc/core/npu/sys_ctrl/npu_sys_ctrl.cpp:286 NPU function error: c10_npu::SetDevice(device), error code is 107001
set_device fail 5 RuntimeError ExchangeDevice:../torch_npu/csrc/core/npu/sys_ctrl/npu_sys_ctrl.cpp:286 NPU function error: c10_npu::SetDevice(device), error code is 107001
set_device fail 6 RuntimeError ExchangeDevice:../torch_npu/csrc/core/npu/sys_ctrl/npu_sys_ctrl.cpp:286 NPU function error: c10_npu::SetDevice(device), error code is 107001
set_device fail 7 RuntimeError ExchangeDevice:../torch_npu/csrc/core/npu/sys_ctrl/npu_sys_ctrl.cpp:286 NPU function error: c10_npu::SetDevice(device), error code is 107001
set_device fail 8 RuntimeError ExchangeDevice:../torch_npu/csrc/core/npu/sys_ctrl/npu_sys_ctrl.cpp:286 NPU function error: c10_npu::SetDevice(device), error code is 107001
set_device fail 9 RuntimeError ExchangeDevice:../torch_npu/csrc/core/npu/sys_ctrl/npu_sys_ctrl.cpp:286 NPU function error: c10_npu::SetDevice(device), error code is 107001
set_device fail 10 RuntimeError ExchangeDevice:../torch_npu/csrc/core/npu/sys_ctrl/npu_sys_ctrl.cpp:286 NPU function error: c10_npu::SetDevice(device), error code is 107001
set_device fail 11 RuntimeError ExchangeDevice:../torch_npu/csrc/core/npu/sys_ctrl/npu_sys_ctrl.cpp:286 NPU function error: c10_npu::SetDevice(device), error code is 107001
set_device fail 12 RuntimeError ExchangeDevice:../torch_npu/csrc/core/npu/sys_ctrl/npu_sys_ctrl.cpp:286 NPU function error: c10_npu::SetDevice(device), error code is 107001
set_device fail 13 RuntimeError ExchangeDevice:../torch_npu/csrc/core/npu/sys_ctrl/npu_sys_ctrl.cpp:286 NPU function error: c10_npu::SetDevice(device), error code is 107001
set_device fail 14 RuntimeError ExchangeDevice:../torch_npu/csrc/core/npu/sys_ctrl/npu_sys_ctrl.cpp:286 NPU function error: c10_npu::SetDevice(device), error code is 107001
set_device fail 15 RuntimeError ExchangeDevice:../torch_npu/csrc/core/npu/sys_ctrl/npu_sys_ctrl.cpp:286 NPU function error: c10_npu::SetDevice(device), error code is 107001
## ASCEND_RT_VISIBLE_DEVICES=10,12
device_count 2
set_device ok 0
set_device ok 1
set_device fail 2 RuntimeError ExchangeDevice:../torch_npu/csrc/core/npu/sys_ctrl/npu_sys_ctrl.cpp:286 NPU function error: c10_npu::SetDevice(device), error code is 107001
set_device fail 3 RuntimeError ExchangeDevice:../torch_npu/csrc/core/npu/sys_ctrl/npu_sys_ctrl.cpp:286 NPU function error: c10_npu::SetDevice(device), error code is 107001
set_device fail 4 RuntimeError ExchangeDevice:../torch_npu/csrc/core/npu/sys_ctrl/npu_sys_ctrl.cpp:286 NPU function error: c10_npu::SetDevice(device), error code is 107001
set_device fail 5 RuntimeError ExchangeDevice:../torch_npu/csrc/core/npu/sys_ctrl/npu_sys_ctrl.cpp:286 NPU function error: c10_npu::SetDevice(device), error code is 107001
set_device fail 6 RuntimeError ExchangeDevice:../torch_npu/csrc/core/npu/sys_ctrl/npu_sys_ctrl.cpp:286 NPU function error: c10_npu::SetDevice(device), error code is 107001
set_device fail 7 RuntimeError ExchangeDevice:../torch_npu/csrc/core/npu/sys_ctrl/npu_sys_ctrl.cpp:286 NPU function error: c10_npu::SetDevice(device), error code is 107001
set_device fail 8 RuntimeError ExchangeDevice:../torch_npu/csrc/core/npu/sys_ctrl/npu_sys_ctrl.cpp:286 NPU function error: c10_npu::SetDevice(device), error code is 107001
set_device fail 9 RuntimeError ExchangeDevice:../torch_npu/csrc/core/npu/sys_ctrl/npu_sys_ctrl.cpp:286 NPU function error: c10_npu::SetDevice(device), error code is 107001
set_device fail 10 RuntimeError ExchangeDevice:../torch_npu/csrc/core/npu/sys_ctrl/npu_sys_ctrl.cpp:286 NPU function error: c10_npu::SetDevice(device), error code is 107001
set_device fail 11 RuntimeError ExchangeDevice:../torch_npu/csrc/core/npu/sys_ctrl/npu_sys_ctrl.cpp:286 NPU function error: c10_npu::SetDevice(device), error code is 107001
set_device fail 12 RuntimeError ExchangeDevice:../torch_npu/csrc/core/npu/sys_ctrl/npu_sys_ctrl.cpp:286 NPU function error: c10_npu::SetDevice(device), error code is 107001
set_device fail 13 RuntimeError ExchangeDevice:../torch_npu/csrc/core/npu/sys_ctrl/npu_sys_ctrl.cpp:286 NPU function error: c10_npu::SetDevice(device), error code is 107001
set_device fail 14 RuntimeError ExchangeDevice:../torch_npu/csrc/core/npu/sys_ctrl/npu_sys_ctrl.cpp:286 NPU function error: c10_npu::SetDevice(device), error code is 107001
set_device fail 15 RuntimeError ExchangeDevice:../torch_npu/csrc/core/npu/sys_ctrl/npu_sys_ctrl.cpp:286 NPU function error: c10_npu::SetDevice(device), error code is 107001
## ASCEND_RT_VISIBLE_DEVICES=12,14
device_count 2
set_device ok 0
set_device ok 1
set_device fail 2 RuntimeError ExchangeDevice:../torch_npu/csrc/core/npu/sys_ctrl/npu_sys_ctrl.cpp:286 NPU function error: c10_npu::SetDevice(device), error code is 107001
set_device fail 3 RuntimeError ExchangeDevice:../torch_npu/csrc/core/npu/sys_ctrl/npu_sys_ctrl.cpp:286 NPU function error: c10_npu::SetDevice(device), error code is 107001
set_device fail 4 RuntimeError ExchangeDevice:../torch_npu/csrc/core/npu/sys_ctrl/npu_sys_ctrl.cpp:286 NPU function error: c10_npu::SetDevice(device), error code is 107001
set_device fail 5 RuntimeError ExchangeDevice:../torch_npu/csrc/core/npu/sys_ctrl/npu_sys_ctrl.cpp:286 NPU function error: c10_npu::SetDevice(device), error code is 107001
set_device fail 6 RuntimeError ExchangeDevice:../torch_npu/csrc/core/npu/sys_ctrl/npu_sys_ctrl.cpp:286 NPU function error: c10_npu::SetDevice(device), error code is 107001
set_device fail 7 RuntimeError ExchangeDevice:../torch_npu/csrc/core/npu/sys_ctrl/npu_sys_ctrl.cpp:286 NPU function error: c10_npu::SetDevice(device), error code is 107001
set_device fail 8 RuntimeError ExchangeDevice:../torch_npu/csrc/core/npu/sys_ctrl/npu_sys_ctrl.cpp:286 NPU function error: c10_npu::SetDevice(device), error code is 107001
set_device fail 9 RuntimeError ExchangeDevice:../torch_npu/csrc/core/npu/sys_ctrl/npu_sys_ctrl.cpp:286 NPU function error: c10_npu::SetDevice(device), error code is 107001
set_device fail 10 RuntimeError ExchangeDevice:../torch_npu/csrc/core/npu/sys_ctrl/npu_sys_ctrl.cpp:286 NPU function error: c10_npu::SetDevice(device), error code is 107001
set_device fail 11 RuntimeError ExchangeDevice:../torch_npu/csrc/core/npu/sys_ctrl/npu_sys_ctrl.cpp:286 NPU function error: c10_npu::SetDevice(device), error code is 107001
set_device fail 12 RuntimeError ExchangeDevice:../torch_npu/csrc/core/npu/sys_ctrl/npu_sys_ctrl.cpp:286 NPU function error: c10_npu::SetDevice(device), error code is 107001
set_device fail 13 RuntimeError ExchangeDevice:../torch_npu/csrc/core/npu/sys_ctrl/npu_sys_ctrl.cpp:286 NPU function error: c10_npu::SetDevice(device), error code is 107001
set_device fail 14 RuntimeError ExchangeDevice:../torch_npu/csrc/core/npu/sys_ctrl/npu_sys_ctrl.cpp:286 NPU function error: c10_npu::SetDevice(device), error code is 107001
set_device fail 15 RuntimeError ExchangeDevice:../torch_npu/csrc/core/npu/sys_ctrl/npu_sys_ctrl.cpp:286 NPU function error: c10_npu::SetDevice(device), error code is 107001
